Archive member included because of file (symbol)

d:/hiasm/compiler/neuro-compiler/bin/../lib/gcc/arm-none-eabi/4.5.2/../../../../arm-none-eabi/lib/thumb2\libm.a(lib_a-w_pow.o)
                              main.o (pow)
d:/hiasm/compiler/neuro-compiler/bin/../lib/gcc/arm-none-eabi/4.5.2/../../../../arm-none-eabi/lib/thumb2\libm.a(lib_a-e_pow.o)
                              d:/hiasm/compiler/neuro-compiler/bin/../lib/gcc/arm-none-eabi/4.5.2/../../../../arm-none-eabi/lib/thumb2\libm.a(lib_a-w_pow.o) (__ieee754_pow)
d:/hiasm/compiler/neuro-compiler/bin/../lib/gcc/arm-none-eabi/4.5.2/../../../../arm-none-eabi/lib/thumb2\libm.a(lib_a-e_sqrt.o)
                              d:/hiasm/compiler/neuro-compiler/bin/../lib/gcc/arm-none-eabi/4.5.2/../../../../arm-none-eabi/lib/thumb2\libm.a(lib_a-e_pow.o) (__ieee754_sqrt)
d:/hiasm/compiler/neuro-compiler/bin/../lib/gcc/arm-none-eabi/4.5.2/../../../../arm-none-eabi/lib/thumb2\libm.a(lib_a-s_fabs.o)
                              d:/hiasm/compiler/neuro-compiler/bin/../lib/gcc/arm-none-eabi/4.5.2/../../../../arm-none-eabi/lib/thumb2\libm.a(lib_a-e_pow.o) (fabs)
d:/hiasm/compiler/neuro-compiler/bin/../lib/gcc/arm-none-eabi/4.5.2/../../../../arm-none-eabi/lib/thumb2\libm.a(lib_a-s_finite.o)
                              d:/hiasm/compiler/neuro-compiler/bin/../lib/gcc/arm-none-eabi/4.5.2/../../../../arm-none-eabi/lib/thumb2\libm.a(lib_a-w_pow.o) (finite)
d:/hiasm/compiler/neuro-compiler/bin/../lib/gcc/arm-none-eabi/4.5.2/../../../../arm-none-eabi/lib/thumb2\libm.a(lib_a-s_fpclassify.o)
                              d:/hiasm/compiler/neuro-compiler/bin/../lib/gcc/arm-none-eabi/4.5.2/../../../../arm-none-eabi/lib/thumb2\libm.a(lib_a-w_pow.o) (__fpclassifyd)
d:/hiasm/compiler/neuro-compiler/bin/../lib/gcc/arm-none-eabi/4.5.2/../../../../arm-none-eabi/lib/thumb2\libm.a(lib_a-s_lib_ver.o)
                              d:/hiasm/compiler/neuro-compiler/bin/../lib/gcc/arm-none-eabi/4.5.2/../../../../arm-none-eabi/lib/thumb2\libm.a(lib_a-w_pow.o) (__fdlib_version)
d:/hiasm/compiler/neuro-compiler/bin/../lib/gcc/arm-none-eabi/4.5.2/../../../../arm-none-eabi/lib/thumb2\libm.a(lib_a-s_matherr.o)
                              d:/hiasm/compiler/neuro-compiler/bin/../lib/gcc/arm-none-eabi/4.5.2/../../../../arm-none-eabi/lib/thumb2\libm.a(lib_a-w_pow.o) (matherr)
d:/hiasm/compiler/neuro-compiler/bin/../lib/gcc/arm-none-eabi/4.5.2/../../../../arm-none-eabi/lib/thumb2\libm.a(lib_a-s_nan.o)
                              d:/hiasm/compiler/neuro-compiler/bin/../lib/gcc/arm-none-eabi/4.5.2/../../../../arm-none-eabi/lib/thumb2\libm.a(lib_a-e_pow.o) (nan)
d:/hiasm/compiler/neuro-compiler/bin/../lib/gcc/arm-none-eabi/4.5.2/../../../../arm-none-eabi/lib/thumb2\libm.a(lib_a-s_rint.o)
                              d:/hiasm/compiler/neuro-compiler/bin/../lib/gcc/arm-none-eabi/4.5.2/../../../../arm-none-eabi/lib/thumb2\libm.a(lib_a-w_pow.o) (rint)
d:/hiasm/compiler/neuro-compiler/bin/../lib/gcc/arm-none-eabi/4.5.2/../../../../arm-none-eabi/lib/thumb2\libm.a(lib_a-s_scalbn.o)
                              d:/hiasm/compiler/neuro-compiler/bin/../lib/gcc/arm-none-eabi/4.5.2/../../../../arm-none-eabi/lib/thumb2\libm.a(lib_a-e_pow.o) (scalbn)
d:/hiasm/compiler/neuro-compiler/bin/../lib/gcc/arm-none-eabi/4.5.2/../../../../arm-none-eabi/lib/thumb2\libm.a(lib_a-s_copysign.o)
                              d:/hiasm/compiler/neuro-compiler/bin/../lib/gcc/arm-none-eabi/4.5.2/../../../../arm-none-eabi/lib/thumb2\libm.a(lib_a-s_scalbn.o) (copysign)
d:/hiasm/compiler/neuro-compiler/bin/../lib/gcc/arm-none-eabi/4.5.2/thumb2\libgcc.a(_arm_addsubdf3.o)
                              d:/hiasm/compiler/neuro-compiler/bin/../lib/gcc/arm-none-eabi/4.5.2/../../../../arm-none-eabi/lib/thumb2\libm.a(lib_a-e_pow.o) (__aeabi_dsub)
d:/hiasm/compiler/neuro-compiler/bin/../lib/gcc/arm-none-eabi/4.5.2/thumb2\libgcc.a(_arm_muldivdf3.o)
                              main.o (__aeabi_dmul)
d:/hiasm/compiler/neuro-compiler/bin/../lib/gcc/arm-none-eabi/4.5.2/thumb2\libgcc.a(_arm_cmpdf2.o)
                              d:/hiasm/compiler/neuro-compiler/bin/../lib/gcc/arm-none-eabi/4.5.2/../../../../arm-none-eabi/lib/thumb2\libm.a(lib_a-w_pow.o) (__aeabi_dcmpeq)
d:/hiasm/compiler/neuro-compiler/bin/../lib/gcc/arm-none-eabi/4.5.2/thumb2\libgcc.a(_arm_truncdfsf2.o)
                              printf.o (__aeabi_d2f)
d:/hiasm/compiler/neuro-compiler/bin/../lib/gcc/arm-none-eabi/4.5.2/thumb2\libgcc.a(_arm_addsubsf3.o)
                              printf.o (__aeabi_fsub)
d:/hiasm/compiler/neuro-compiler/bin/../lib/gcc/arm-none-eabi/4.5.2/thumb2\libgcc.a(_arm_fixsfsi.o)
                              printf.o (__aeabi_f2iz)
d:/hiasm/compiler/neuro-compiler/bin/../lib/gcc/arm-none-eabi/4.5.2/../../../../arm-none-eabi/lib/thumb2\libc.a(lib_a-atof.o)
                              main.o (atof)
d:/hiasm/compiler/neuro-compiler/bin/../lib/gcc/arm-none-eabi/4.5.2/../../../../arm-none-eabi/lib/thumb2\libc.a(lib_a-atoff.o)
[...]
Memory Configuration

Name             Origin             Length             Attributes
rom              0x08000000         0x00040000         xr
ram              0x20000000         0x0000c000         xrw
*default*        0x00000000         0xffffffff

Linker script and memory map

                0x2000c000                _eram = 0x2000c000

.text           0x08000000     0x17fc
 *(.isr_vector .isr_vector.*)
 .isr_vector    0x08000000      0x134 startup_stm32f10x_hd.o
                0x08000000                g_pfnVectors
 *(.text .text.* .gnu.linkonce.t.*)
 .text.vListInitialise
                0x08000134       0x48 list.o
                0x08000134                vListInitialise
 .text.vListInitialiseItem
                0x0800017c       0x1c list.o
                0x0800017c                vListInitialiseItem
 .text.vListInsertEnd
                0x08000198       0x48 list.o
                0x08000198                vListInsertEnd
 .text.vListInsert
                0x080001e0       0x78 list.o
                0x080001e0                vListInsert
 .text.uxListRemove
                0x08000258       0x58 list.o
                0x08000258                uxListRemove
 .text.pvPortMalloc
                0x080002b0      0x13c main.o
                0x080002b0                pvPortMalloc
 .text.vPortFree
                0x080003ec       0x80 main.o
                0x080003ec                vPortFree
 .text.prvHeapInit
                0x0800046c       0xd0 main.o
 .text.prvInsertBlockIntoFreeList
                0x0800053c       0xb0 main.o
 .text.Hi_GPIO_GetBus
                0x080005ec       0x98 main.o
                0x080005ec                Hi_GPIO_GetBus
 .text.Hi_GPIO_InitOut
                0x08000684       0x44 main.o
                0x08000684                Hi_GPIO_InitOut
 .text.Hi_GPIO_Invert
                0x080006c8       0x24 main.o
                0x080006c8                Hi_GPIO_Invert
 .text.vTimer1Task
                0x080006ec       0x70 main.o
                0x080006ec                vTimer1Task
 .text.main     0x0800075c       0x50 main.o
                0x0800075c                main
 .text.pxPortInitialiseStack
                0x080007ac       0x60 port.o
                0x080007ac                pxPortInitialiseStack
 .text.prvTaskExitError
                0x0800080c        0xc port.o
 .text.SVC_Handler
                0x08000818       0x24 port.o
                0x08000818                SVC_Handler
 .text.prvPortStartFirstTask
                0x0800083c       0x20 port.o
 .text.xPortStartScheduler
                0x0800085c       0x40 port.o
                0x0800085c                xPortStartScheduler
 .text.vPortYield
                0x0800089c       0x20 port.o
                0x0800089c                vPortYield
 .text.vPortEnterCritical
                0x080008bc       0x24 port.o
                0x080008bc                vPortEnterCritical
 .text.vPortExitCritical
                0x080008e0       0x28 port.o
                0x080008e0                vPortExitCritical
 .text.ulPortSetInterruptMask
                0x08000908       0x14 port.o
                0x08000908                ulPortSetInterruptMask
 .text.vPortClearInterruptMask
                0x0800091c        0x8 port.o
                0x0800091c                vPortClearInterruptMask
 .text.PendSV_Handler
                0x08000924       0x44 port.o
                0x08000924                PendSV_Handler
 .text.SysTick_Handler
                0x08000968       0x28 port.o
                0x08000968                SysTick_Handler
 .text.vPortSetupTimerInterrupt
                0x08000990       0x24 port.o
                0x08000990                vPortSetupTimerInterrupt
 .text.Default_Reset_Handler
                0x080009b4       0x68 startup_stm32f10x_hd.o
                0x080009b4                Default_Reset_Handler
                0x080009b4                Reset_Handler
 .text.Default_Handler
                0x08000a1c        0x8 startup_stm32f10x_hd.o
                0x08000a1c                EXTI2_IRQHandler
                0x08000a1c                TIM8_TRG_COM_IRQHandler
                0x08000a1c                TIM8_CC_IRQHandler
                0x08000a1c                DebugMon_Handler
                0x08000a1c                TIM1_CC_IRQHandler
                0x08000a1c                HardFault_Handler
                0x08000a1c                TIM6_IRQHandler
                0x08000a1c                PVD_IRQHandler
                0x08000a1c                SDIO_IRQHandler
                0x08000a1c                NMI_Handler
                0x08000a1c                EXTI3_IRQHandler
                0x08000a1c                EXTI0_IRQHandler
                0x08000a1c                I2C2_EV_IRQHandler
                0x08000a1c                UsageFault_Handler
                0x08000a1c                ADC1_2_IRQHandler
                0x08000a1c                SPI1_IRQHandler
                0x08000a1c                TAMPER_IRQHandler
                0x08000a1c                TIM8_UP_IRQHandler
                0x08000a1c                DMA2_Channel2_IRQHandler
                0x08000a1c                DMA1_Channel4_IRQHandler
                0x08000a1c                USART3_IRQHandler
                0x08000a1c                RTC_IRQHandler
                0x08000a1c                DMA1_Channel7_IRQHandler
                0x08000a1c                CAN1_RX1_IRQHandler
                0x08000a1c                UART5_IRQHandler
                0x08000a1c                ADC3_IRQHandler
                0x08000a1c                TIM4_IRQHandler
                0x08000a1c                DMA2_Channel1_IRQHandler
                0x08000a1c                I2C1_EV_IRQHandler
                0x08000a1c                DMA1_Channel6_IRQHandler
                0x08000a1c                UART4_IRQHandler
                0x08000a1c                TIM3_IRQHandler
                0x08000a1c                RCC_IRQHandler
                0x08000a1c                TIM1_TRG_COM_IRQHandler
                0x08000a1c                DMA1_Channel1_IRQHandler
                0x08000a1c                EXTI15_10_IRQHandler
                0x08000a1c                TIM7_IRQHandler
                0x08000a1c                TIM5_IRQHandler
                0x08000a1c                EXTI9_5_IRQHandler
                0x08000a1c                SPI2_IRQHandler
                0x08000a1c                MemManage_Handler
                0x08000a1c                DMA1_Channel5_IRQHandler
                0x08000a1c                EXTI4_IRQHandler
                0x08000a1c                USB_LP_CAN1_RX0_IRQHandler
                0x08000a1c                USB_HP_CAN1_TX_IRQHandler
                0x08000a1c                DMA1_Channel3_IRQHandler
                0x08000a1c                FSMC_IRQHandler
                0x08000a1c                TIM1_UP_IRQHandler
                0x08000a1c                WWDG_IRQHandler
                0x08000a1c                TIM2_IRQHandler
                0x08000a1c                TIM1_BRK_IRQHandler
                0x08000a1c                EXTI1_IRQHandler
                0x08000a1c                RTCAlarm_IRQHandler
                0x08000a1c                DMA2_Channel4_5_IRQHandler
                0x08000a1c                USART2_IRQHandler
                0x08000a1c                I2C2_ER_IRQHandler
                0x08000a1c                DMA1_Channel2_IRQHandler
                0x08000a1c                TIM8_BRK_IRQHandler
                0x08000a1c                CAN1_SCE_IRQHandler
                0x08000a1c                FLASH_IRQHandler
                0x08000a1c                BusFault_Handler
                0x08000a1c                USART1_IRQHandler
                0x08000a1c                SPI3_IRQHandler
                0x08000a1c                I2C1_ER_IRQHandler
                0x08000a1c                USBWakeUp_IRQHandler
                0x08000a1c                DMA2_Channel3_IRQHandler
 .text.GPIO_Init
                0x08000a24      0x1c0 stm32f10x_gpio.o
                0x08000a24                GPIO_Init
 .text.RCC_APB2PeriphClockCmd
                0x08000be4       0x44 stm32f10x_rcc.o
                0x08000be4                RCC_APB2PeriphClockCmd
 .text.SystemInit
                0x08000c28       0x68 system_stm32f10x.o
                0x08000c28                SystemInit
 .text.SetSysClock
                0x08000c90        0xc system_stm32f10x.o
 .text.SetSysClockTo72
                0x08000c9c      0x108 system_stm32f10x.o
 .text.xTaskGenericCreate
                0x08000da4      0x154 tasks.o
                0x08000da4                xTaskGenericCreate
 .text.vTaskDelay
                0x08000ef8       0x84 tasks.o
                0x08000ef8                vTaskDelay
 .text.vTaskStartScheduler
                0x08000f7c       0x68 tasks.o
                0x08000f7c                vTaskStartScheduler
 .text.vTaskSuspendAll
                0x08000fe4       0x1c tasks.o
                0x08000fe4                vTaskSuspendAll
 .text.xTaskResumeAll
                0x08001000      0x118 tasks.o
                0x08001000                xTaskResumeAll
 .text.xTaskIncrementTick
                0x08001118      0x190 tasks.o
                0x08001118                xTaskIncrementTick
 .text.vTaskSwitchContext
                0x080012a8       0x98 tasks.o
                0x080012a8                vTaskSwitchContext
 .text.prvIdleTask
                0x08001340       0x24 tasks.o
 .text.prvInitialiseTCBVariables
                0x08001364       0xac tasks.o
 .text.prvInitialiseTaskLists
                0x08001410       0x88 tasks.o
 .text.prvCheckTasksWaitingTermination
                0x08001498       0x7c tasks.o
 .text.prvAddCurrentTaskToDelayedList
                0x08001514       0x78 tasks.o
 .text.prvAllocateTCBAndStack
                0x0800158c       0x74 tasks.o
 .text.prvDeleteTCB
                0x08001600       0x20 tasks.o
 .text.prvResetNextTaskUnblockTime
                0x08001620       0x4c tasks.o
 .text          0x0800166c       0xb4 d:/hiasm/compiler/neuro-compiler/bin/../lib/gcc/arm-none-eabi/4.5.2/../../../../arm-none-eabi/lib/thumb2\libc.a(lib_a-memset.o)
                0x0800166c                memset
 *(.glue_7t)
 .glue_7t       0x00000000        0x0 linker stubs
 *(.glue_7)
 .glue_7        0x00000000        0x0 linker stubs
 *(.rodata .rodata* .gnu.linkonce.r.*)
 .rodata        0x08001720       0xd4 main.o
 .rodata        0x080017f4        0x8 tasks.o

.vfp11_veneer   0x080017fc        0x0
 .vfp11_veneer  0x00000000        0x0 linker stubs

.v4_bx          0x080017fc        0x0
 .v4_bx         0x00000000        0x0 linker stubs

.ARM.extab
 *(.ARM.extab* .gnu.linkonce.armextab.*)

.ARM.exidx
 *(.ARM.exidx* .gnu.linkonce.armexidx.*)
                0x080017fc                . = ALIGN (0x4)
                0x080017fc                _etext = .
                0x080017fc                _sidata = .

.data           0x20000000       0x24 load address 0x080017fc
                0x20000000                _sdata = .
 *(.data .data.*)
 .data          0x20000000       0x1c main.o
                0x20000000                tim_tgl1
                0x20000004                tim_drt1
 .data          0x2000001c        0x4 port.o
 .data          0x20000020        0x2 tasks.o
                0x20000024                . = ALIGN (0x4)
 *fill*         0x20000022        0x2 00
                0x20000024                _edata = .

.bss            0x20000024     0x4530 load address 0x08001820
                0x20000024                _sbss = .
 *(.bss .bss.*)
 .bss           0x20000024     0x4434 main.o
                0x2000443c                Hi_RTC_TimeCnt
                0x20004440                Hi_Proto_BufferPos
                0x20004441                Hi_CM_IsPacketTransition
                0x20004442                Hi_CM_ReceivedCount
                0x20004443                Hi_CM_PacketSize
                0x20004444                Hi_CM_ListenersPos
                0x20004445                Hi_CM_WaitingOnUART
                0x20004448                Hi_Logger_LastTime
                0x2000444c                Hi_Logger_LastTimeAvilable
                0x20004450                astp1
                0x20004454                astpc1
 .bss           0x20004458       0xfc tasks.o
                0x20004458                pxCurrentTCB
 *(COMMON)
                0x20004554                . = ALIGN (0x4)
                0x20004554                _ebss = .

.co_stack       0x20004554      0x404 load address 0x08005d50
                0x20004558                . = ALIGN (0x8)
 *fill*         0x20004554        0x4 00
 *(.co_stack .co_stack.*)
 .co_stack      0x20004558      0x400 startup_stm32f10x_hd.o
                0x20004558                pulStack
                0x20004958                . = ALIGN (0x4)
                0x20004958                _end = .
LOAD core_cm3.o
LOAD croutine.o
LOAD event_groups.o
LOAD list.o
LOAD main.o
LOAD misc.o
LOAD port.o
LOAD printf.o
LOAD queue.o
LOAD startup_stm32f10x_hd.o
LOAD stm32f10x_adc.o
LOAD stm32f10x_exti.o
LOAD stm32f10x_gpio.o
LOAD stm32f10x_rcc.o
LOAD stm32f10x_usart.o
LOAD syscalls.o
LOAD system_stm32f10x.o
LOAD tasks.o
LOAD timers.o
LOAD d:/hiasm/compiler/neuro-compiler/bin/../lib/gcc/arm-none-eabi/4.5.2/../../../../arm-none-eabi/lib/thumb2\libm.a
LOAD d:/hiasm/compiler/neuro-compiler/bin/../lib/gcc/arm-none-eabi/4.5.2/thumb2\libgcc.a
LOAD d:/hiasm/compiler/neuro-compiler/bin/../lib/gcc/arm-none-eabi/4.5.2/../../../../arm-none-eabi/lib/thumb2\libc.a
START GROUP
LOAD d:/hiasm/compiler/neuro-compiler/bin/../lib/gcc/arm-none-eabi/4.5.2/thumb2\libgcc.a
LOAD d:/hiasm/compiler/neuro-compiler/bin/../lib/gcc/arm-none-eabi/4.5.2/../../../../arm-none-eabi/lib/thumb2\libc.a
END GROUP
OUTPUT(STM32F103RC.elf elf32-littlearm)

.debug_abbrev   0x00000000     0x1a45
 .debug_abbrev  0x00000000       0xd5 core_cm3.o
 .debug_abbrev  0x000000d5      0x17f croutine.o
 .debug_abbrev  0x00000254      0x128 event_groups.o
 .debug_abbrev  0x0000037c       0xb8 list.o
 .debug_abbrev  0x00000434      0x31d main.o
 .debug_abbrev  0x00000751      0x135 misc.o
 .debug_abbrev  0x00000886      0x147 port.o
 .debug_abbrev  0x000009cd      0x238 printf.o
 .debug_abbrev  0x00000c05      0x15a queue.o
 .debug_abbrev  0x00000d5f       0xa3 startup_stm32f10x_hd.o
 .debug_abbrev  0x00000e02      0x174 stm32f10x_adc.o
 .debug_abbrev  0x00000f76      0x14a stm32f10x_exti.o
 .debug_abbrev  0x000010c0      0x1a4 stm32f10x_gpio.o
 .debug_abbrev  0x00001264      0x191 stm32f10x_rcc.o
 .debug_abbrev  0x000013f5      0x15b stm32f10x_usart.o
 .debug_abbrev  0x00001550      0x15a syscalls.o
 .debug_abbrev  0x000016aa      0x17e system_stm32f10x.o
 .debug_abbrev  0x00001828      0x1f5 tasks.o
 .debug_abbrev  0x00001a1d       0x28 timers.o

.debug_info     0x00000000     0xaadb
 .debug_info    0x00000000      0x548 core_cm3.o
 .debug_info    0x00000548      0x4e0 croutine.o
 .debug_info    0x00000a28      0x69e event_groups.o
 .debug_info    0x000010c6      0x2b5 list.o
 .debug_info    0x0000137b     0x2ced main.o
 .debug_info    0x00004068      0x546 misc.o
 .debug_info    0x000045ae      0x263 port.o
 .debug_info    0x00004811     0x1001 printf.o
 .debug_info    0x00005812      0xa1f queue.o
 .debug_info    0x00006231      0x143 startup_stm32f10x_hd.o
 .debug_info    0x00006374      0xc0e stm32f10x_adc.o
 .debug_info    0x00006f82      0x361 stm32f10x_exti.o
 .debug_info    0x000072e3      0x723 stm32f10x_gpio.o
 .debug_info    0x00007a06      0x901 stm32f10x_rcc.o
 .debug_info    0x00008307      0xa6c stm32f10x_usart.o
 .debug_info    0x00008d73      0x5a5 syscalls.o
 .debug_info    0x00009318      0x4a0 system_stm32f10x.o
 .debug_info    0x000097b8     0x12b4 tasks.o
 .debug_info    0x0000aa6c       0x6f timers.o

.debug_line     0x00000000     0x4ea5
 .debug_line    0x00000000      0x28a core_cm3.o
 .debug_line    0x0000028a      0x289 croutine.o
 .debug_line    0x00000513      0x2ac event_groups.o
 .debug_line    0x000007bf      0x1be list.o
 .debug_line    0x0000097d     0x14fd main.o
 .debug_line    0x00001e7a      0x231 misc.o
 .debug_line    0x000020ab      0x260 port.o
 .debug_line    0x0000230b      0x41c printf.o
 .debug_line    0x00002727      0x4b7 queue.o
 .debug_line    0x00002bde       0xb4 startup_stm32f10x_hd.o
 .debug_line    0x00002c92      0x510 stm32f10x_adc.o
 .debug_line    0x000031a2      0x291 stm32f10x_exti.o
 .debug_line    0x00003433      0x39b stm32f10x_gpio.o
 .debug_line    0x000037ce      0x4b1 stm32f10x_rcc.o
 .debug_line    0x00003c7f      0x487 stm32f10x_usart.o
 .debug_line    0x00004106      0x2d1 syscalls.o
 .debug_line    0x000043d7      0x241 system_stm32f10x.o
 .debug_line    0x00004618      0x870 tasks.o
 .debug_line    0x00004e88       0x1d timers.o

.debug_loc      0x00000000     0x576b
 .debug_loc     0x00000000      0x3f0 core_cm3.o
 .debug_loc     0x000003f0      0x188 croutine.o
 .debug_loc     0x00000578      0x268 event_groups.o
 .debug_loc     0x000007e0      0x118 list.o
 .debug_loc     0x000008f8     0x1b45 main.o
 .debug_loc     0x0000243d      0x118 misc.o
 .debug_loc     0x00002555      0x198 port.o
 .debug_loc     0x000026ed      0x492 printf.o
 .debug_loc     0x00002b7f      0x4d0 queue.o
 .debug_loc     0x0000304f       0x64 startup_stm32f10x_hd.o
 .debug_loc     0x000030b3      0x7d4 stm32f10x_adc.o
 .debug_loc     0x00003887      0x1b4 stm32f10x_exti.o
 .debug_loc     0x00003a3b      0x3e4 stm32f10x_gpio.o
 .debug_loc     0x00003e1f      0x6dc stm32f10x_rcc.o
 .debug_loc     0x000044fb      0x658 stm32f10x_usart.o
 .debug_loc     0x00004b53      0x1ec syscalls.o
 .debug_loc     0x00004d3f       0xc8 system_stm32f10x.o
 .debug_loc     0x00004e07      0x964 tasks.o

.debug_pubnames
                0x00000000     0x2428
 .debug_pubnames
                0x00000000      0x159 core_cm3.o
 .debug_pubnames
                0x00000159       0x96 croutine.o
 .debug_pubnames
                0x000001ef      0x112 event_groups.o
 .debug_pubnames
                0x00000301       0x72 list.o
 .debug_pubnames
                0x00000373      0xc15 main.o
 .debug_pubnames
                0x00000f88       0x89 misc.o
 .debug_pubnames
                0x00001011      0x121 port.o
 .debug_pubnames
                0x00001132      0x124 printf.o
 .debug_pubnames
                0x00001256      0x1c1 queue.o
 .debug_pubnames
                0x00001417       0x4a startup_stm32f10x_hd.o
 .debug_pubnames
                0x00001461      0x401 stm32f10x_adc.o
 .debug_pubnames
                0x00001862       0xbb stm32f10x_exti.o
 .debug_pubnames
                0x0000191d      0x19d stm32f10x_gpio.o
 .debug_pubnames
                0x00001aba      0x2c4 stm32f10x_rcc.o
 .debug_pubnames
                0x00001d7e      0x294 stm32f10x_usart.o
 .debug_pubnames
                0x00002012       0x72 syscalls.o
 .debug_pubnames
                0x00002084       0x61 system_stm32f10x.o
 .debug_pubnames
                0x000020e5      0x343 tasks.o

.debug_pubtypes
                0x00000000      0xe74
 .debug_pubtypes
                0x00000000       0x50 core_cm3.o
 .debug_pubtypes
                0x00000050       0xfa croutine.o
 .debug_pubtypes
                0x0000014a      0x106 event_groups.o
 .debug_pubtypes
                0x00000250       0x98 list.o
 .debug_pubtypes
                0x000002e8      0x1e2 main.o
 .debug_pubtypes
                0x000004ca       0x80 misc.o
 .debug_pubtypes
                0x0000054a       0x7d port.o
 .debug_pubtypes
                0x000005c7      0x139 printf.o
 .debug_pubtypes
                0x00000700      0x122 queue.o
 .debug_pubtypes
                0x00000822       0x8c stm32f10x_adc.o
 .debug_pubtypes
                0x000008ae       0xa2 stm32f10x_exti.o
 .debug_pubtypes
                0x00000950       0xc3 stm32f10x_gpio.o
 .debug_pubtypes
                0x00000a13       0x9e stm32f10x_rcc.o
 .debug_pubtypes
                0x00000ab1       0xc9 stm32f10x_usart.o
 .debug_pubtypes
                0x00000b7a       0xe2 syscalls.o
 .debug_pubtypes
                0x00000c5c       0x67 system_stm32f10x.o
 .debug_pubtypes
                0x00000cc3      0x19f tasks.o
 .debug_pubtypes
                0x00000e62       0x12 timers.o

.debug_aranges  0x00000000      0xeb0
 .debug_aranges
                0x00000000       0xc8 core_cm3.o
 .debug_aranges
                0x000000c8       0x50 croutine.o
 .debug_aranges
                0x00000118       0x70 event_groups.o
 .debug_aranges
                0x00000188       0x40 list.o
 .debug_aranges
                0x000001c8      0x418 main.o
 .debug_aranges
                0x000005e0       0x40 misc.o
 .debug_aranges
                0x00000620       0x88 port.o
 .debug_aranges
                0x000006a8       0xb8 printf.o
 .debug_aranges
                0x00000760       0xc8 queue.o
 .debug_aranges
                0x00000828       0x28 startup_stm32f10x_hd.o
 .debug_aranges
                0x00000850      0x138 stm32f10x_adc.o
 .debug_aranges
                0x00000988       0x58 stm32f10x_exti.o
 .debug_aranges
                0x000009e0       0xa8 stm32f10x_gpio.o
 .debug_aranges
                0x00000a88      0x118 stm32f10x_rcc.o
 .debug_aranges
                0x00000ba0      0x100 stm32f10x_usart.o
 .debug_aranges
                0x00000ca0       0x60 syscalls.o
 .debug_aranges
                0x00000d00       0x38 system_stm32f10x.o
 .debug_aranges
                0x00000d38      0x178 tasks.o

.debug_ranges   0x00000000      0xd90
 .debug_ranges  0x00000000       0xb8 core_cm3.o
 .debug_ranges  0x000000b8       0x40 croutine.o
 .debug_ranges  0x000000f8       0x60 event_groups.o
 .debug_ranges  0x00000158       0x30 list.o
 .debug_ranges  0x00000188      0x408 main.o
 .debug_ranges  0x00000590       0x30 misc.o
 .debug_ranges  0x000005c0       0x78 port.o
 .debug_ranges  0x00000638       0xa8 printf.o
 .debug_ranges  0x000006e0       0xb8 queue.o
 .debug_ranges  0x00000798       0x18 startup_stm32f10x_hd.o
 .debug_ranges  0x000007b0      0x128 stm32f10x_adc.o
 .debug_ranges  0x000008d8       0x48 stm32f10x_exti.o
 .debug_ranges  0x00000920       0x98 stm32f10x_gpio.o
 .debug_ranges  0x000009b8      0x108 stm32f10x_rcc.o
 .debug_ranges  0x00000ac0       0xf0 stm32f10x_usart.o
 .debug_ranges  0x00000bb0       0x50 syscalls.o
 .debug_ranges  0x00000c00       0x28 system_stm32f10x.o
 .debug_ranges  0x00000c28      0x168 tasks.o

.debug_str      0x00000000     0x4359
 .debug_str     0x00000000      0x1ea core_cm3.o
                                0x23b (size before relaxing)
 .debug_str     0x000001ea      0x36b croutine.o
                                0x43f (size before relaxing)
 .debug_str     0x00000555      0x2f8 event_groups.o
                                0x47f (size before relaxing)
 .debug_str     0x0000084d       0xd4 list.o
                                0x224 (size before relaxing)
 .debug_str     0x00000921     0x1191 main.o
                               0x1311 (size before relaxing)
 .debug_str     0x00001ab2      0x22c misc.o
                                0x332 (size before relaxing)
 .debug_str     0x00001cde      0x1aa port.o
                                0x273 (size before relaxing)
 .debug_str     0x00001e88      0x4bf printf.o
                                0x61b (size before relaxing)
 .debug_str     0x00002347      0x3cb queue.o
                                0x592 (size before relaxing)
 .debug_str     0x00002712       0xc2 startup_stm32f10x_hd.o
                                 0xed (size before relaxing)
 .debug_str     0x000027d4      0x47c stm32f10x_adc.o
                                0x66a (size before relaxing)
 .debug_str     0x00002c50      0x1d7 stm32f10x_exti.o
                                0x2cd (size before relaxing)
 .debug_str     0x00002e27      0x232 stm32f10x_gpio.o
                                0x488 (size before relaxing)
 .debug_str     0x00003059      0x464 stm32f10x_rcc.o
                                0x589 (size before relaxing)
 .debug_str     0x000034bd      0x3a3 stm32f10x_usart.o
                                0x5ff (size before relaxing)
 .debug_str     0x00003860      0x15f syscalls.o
                                0x2bb (size before relaxing)
 .debug_str     0x000039bf       0xa2 system_stm32f10x.o
                                0x24e (size before relaxing)
 .debug_str     0x00003a61      0x8af tasks.o
                                0xb5c (size before relaxing)
 .debug_str     0x00004310       0x49 timers.o
                                 0xde (size before relaxing)

.comment        0x00000000       0x11
 .comment       0x00000000       0x11 core_cm3.o
                                 0x12 (size before relaxing)
 .comment       0x00000000       0x12 croutine.o
 .comment       0x00000000       0x12 event_groups.o
 .comment       0x00000000       0x12 list.o
 .comment       0x00000000       0x12 main.o
 .comment       0x00000000       0x12 misc.o
 .comment       0x00000000       0x12 port.o
 .comment       0x00000000       0x12 printf.o
 .comment       0x00000000       0x12 queue.o
 .comment       0x00000000       0x12 startup_stm32f10x_hd.o
 .comment       0x00000000       0x12 stm32f10x_adc.o
 .comment       0x00000000       0x12 stm32f10x_exti.o
 .comment       0x00000000       0x12 stm32f10x_gpio.o
 .comment       0x00000000       0x12 stm32f10x_rcc.o
 .comment       0x00000000       0x12 stm32f10x_usart.o
 .comment       0x00000000       0x12 syscalls.o
 .comment       0x00000000       0x12 system_stm32f10x.o
 .comment       0x00000000       0x12 tasks.o
 .comment       0x00000000       0x12 timers.o

.ARM.attributes
                0x00000000       0x31
 .ARM.attributes
                0x00000000       0x31 core_cm3.o
 .ARM.attributes
                0x00000031       0x31 croutine.o
 .ARM.attributes
                0x00000062       0x31 event_groups.o
 .ARM.attributes
                0x00000093       0x31 list.o
 .ARM.attributes
                0x000000c4       0x31 main.o
 .ARM.attributes
                0x000000f5       0x31 misc.o
 .ARM.attributes
                0x00000126       0x31 port.o
 .ARM.attributes
                0x00000157       0x31 printf.o
 .ARM.attributes
                0x00000188       0x31 queue.o
 .ARM.attributes
                0x000001b9       0x31 startup_stm32f10x_hd.o
 .ARM.attributes
                0x000001ea       0x31 stm32f10x_adc.o
 .ARM.attributes
                0x0000021b       0x31 stm32f10x_exti.o
 .ARM.attributes
                0x0000024c       0x31 stm32f10x_gpio.o
 .ARM.attributes
                0x0000027d       0x31 stm32f10x_rcc.o
 .ARM.attributes
                0x000002ae       0x31 stm32f10x_usart.o
 .ARM.attributes
                0x000002df       0x31 syscalls.o
 .ARM.attributes
                0x00000310       0x31 system_stm32f10x.o
 .ARM.attributes
                0x00000341       0x31 tasks.o
 .ARM.attributes
                0x00000372       0x31 timers.o
 .ARM.attributes
                0x000003a3       0x29 d:/hiasm/compiler/neuro-compiler/bin/../lib/gcc/arm-none-eabi/4.5.2/../../../../arm-none-eabi/lib/thumb2\libm.a(lib_a-w_pow.o)
 .ARM.attributes
                0x000003cc       0x29 d:/hiasm/compiler/neuro-compiler/bin/../lib/gcc/arm-none-eabi/4.5.2/../../../../arm-none-eabi/lib/thumb2\libm.a(lib_a-e_pow.o)
 .ARM.attributes
                0x000003f5       0x29 d:/hiasm/compiler/neuro-compiler/bin/../lib/gcc/arm-none-eabi/4.5.2/../../../../arm-none-eabi/lib/thumb2\libm.a(lib_a-e_sqrt.o)
 .ARM.attributes
                0x0000041e       0x29 d:/hiasm/compiler/neuro-compiler/bin/../lib/gcc/arm-none-eabi/4.5.2/../../../../arm-none-eabi/lib/thumb2\libm.a(lib_a-s_fabs.o)
 .ARM.attributes
                0x00000447       0x29 d:/hiasm/compiler/neuro-compiler/bin/../lib/gcc/arm-none-eabi/4.5.2/../../../../arm-none-eabi/lib/thumb2\libm.a(lib_a-s_finite.o)
 .ARM.attributes
                0x00000470       0x29 d:/hiasm/compiler/neuro-compiler/bin/../lib/gcc/arm-none-eabi/4.5.2/../../../../arm-none-eabi/lib/thumb2\libm.a(lib_a-s_fpclassify.o)
 .ARM.attributes
                0x00000499       0x29 d:/hiasm/compiler/neuro-compiler/bin/../lib/gcc/arm-none-eabi/4.5.2/../../../../arm-none-eabi/lib/thumb2\libm.a(lib_a-s_lib_ver.o)
 .ARM.attributes
                0x000004c2       0x29 d:/hiasm/compiler/neuro-compiler/bin/../lib/gcc/arm-none-eabi/4.5.2/../../../../arm-none-eabi/lib/thumb2\libm.a(lib_a-s_matherr.o)
 .ARM.attributes
                0x000004eb       0x29 d:/hiasm/compiler/neuro-compiler/bin/../lib/gcc/arm-none-eabi/4.5.2/../../../../arm-none-eabi/lib/thumb2\libm.a(lib_a-s_nan.o)
 .ARM.attributes
                0x00000514       0x29 d:/hiasm/compiler/neuro-compiler/bin/../lib/gcc/arm-none-eabi/4.5.2/../../../../arm-none-eabi/lib/thumb2\libm.a(lib_a-s_rint.o)
 .ARM.attributes
                0x0000053d       0x29 d:/hiasm/compiler/neuro-compiler/bin/../lib/gcc/arm-none-eabi/4.5.2/../../../../arm-none-eabi/lib/thumb2\libm.a(lib_a-s_scalbn.o)
 .ARM.attributes
                0x00000566       0x29 d:/hiasm/compiler/neuro-compiler/bin/../lib/gcc/arm-none-eabi/4.5.2/../../../../arm-none-eabi/lib/thumb2\libm.a(lib_a-s_copysign.o)
 .ARM.attributes
                0x0000058f       0x1b d:/hiasm/compiler/neuro-compiler/bin/../lib/gcc/arm-none-eabi/4.5.2/thumb2\libgcc.a(_arm_addsubdf3.o)
 .ARM.attributes
                0x000005aa       0x1b d:/hiasm/compiler/neuro-compiler/bin/../lib/gcc/arm-none-eabi/4.5.2/thumb2\libgcc.a(_arm_muldivdf3.o)
 .ARM.attributes
                0x000005c5       0x1b d:/hiasm/compiler/neuro-compiler/bin/../lib/gcc/arm-none-eabi/4.5.2/thumb2\libgcc.a(_arm_cmpdf2.o)
 .ARM.attributes
                0x000005e0       0x1b d:/hiasm/compiler/neuro-compiler/bin/../lib/gcc/arm-none-eabi/4.5.2/thumb2\libgcc.a(_arm_truncdfsf2.o)
 .ARM.attributes
                0x000005fb       0x1b d:/hiasm/compiler/neuro-compiler/bin/../lib/gcc/arm-none-eabi/4.5.2/thumb2\libgcc.a(_arm_addsubsf3.o)
 .ARM.attributes
                0x00000616       0x1b d:/hiasm/compiler/neuro-compiler/bin/../lib/gcc/arm-none-eabi/4.5.2/thumb2\libgcc.a(_arm_fixsfsi.o)
 .ARM.attributes
                0x00000631       0x29 d:/hiasm/compiler/neuro-compiler/bin/../lib/gcc/arm-none-eabi/4.5.2/../../../../arm-none-eabi/lib/thumb2\libc.a(lib_a-atof.o)
 .ARM.attributes
                0x0000065a       0x29 d:/hiasm/compiler/neuro-compiler/bin/../lib/gcc/arm-none-eabi/4.5.2/../../../../arm-none-eabi/lib/thumb2\libc.a(lib_a-atoff.o)
 .ARM.attributes
                0x00000683       0x29 d:/hiasm/compiler/neuro-compiler/bin/../lib/gcc/arm-none-eabi/4.5.2/../../../../arm-none-eabi/lib/thumb2\libc.a(lib_a-atoi.o)
 .ARM.attributes
                0x000006ac       0x29 d:/hiasm/compiler/neuro-compiler/bin/../lib/gcc/arm-none-eabi/4.5.2/../../../../arm-none-eabi/lib/thumb2\libc.a(lib_a-atol.o)
 .ARM.attributes
                0x000006d5       0x29 d:/hiasm/compiler/neuro-compiler/bin/../lib/gcc/arm-none-eabi/4.5.2/../../../../arm-none-eabi/lib/thumb2\libc.a(lib_a-errno.o)
 .ARM.attributes
                0x000006fe       0x29 d:/hiasm/compiler/neuro-compiler/bin/../lib/gcc/arm-none-eabi/4.5.2/../../../../arm-none-eabi/lib/thumb2\libc.a(lib_a-memcpy.o)
 .ARM.attributes
                0x00000727       0x29 d:/hiasm/compiler/neuro-compiler/bin/../lib/gcc/arm-none-eabi/4.5.2/../../../../arm-none-eabi/lib/thumb2\libc.a(lib_a-memset.o)
 .ARM.attributes
                0x00000750       0x29 d:/hiasm/compiler/neuro-compiler/bin/../lib/gcc/arm-none-eabi/4.5.2/../../../../arm-none-eabi/lib/thumb2\libc.a(lib_a-reent.o)
 .ARM.attributes
                0x00000779       0x29 d:/hiasm/compiler/neuro-compiler/bin/../lib/gcc/arm-none-eabi/4.5.2/../../../../arm-none-eabi/lib/thumb2\libc.a(lib_a-strcmp.o)
 .ARM.attributes
                0x000007a2       0x29 d:/hiasm/compiler/neuro-compiler/bin/../lib/gcc/arm-none-eabi/4.5.2/../../../../arm-none-eabi/lib/thumb2\libc.a(lib_a-strlen.o)
 .ARM.attributes
                0x000007cb       0x29 d:/hiasm/compiler/neuro-compiler/bin/../lib/gcc/arm-none-eabi/4.5.2/../../../../arm-none-eabi/lib/thumb2\libc.a(lib_a-strtod.o)
 .ARM.attributes
                0x000007f4       0x29 d:/hiasm/compiler/neuro-compiler/bin/../lib/gcc/arm-none-eabi/4.5.2/../../../../arm-none-eabi/lib/thumb2\libc.a(lib_a-strtol.o)
 .ARM.attributes
                0x0000081d       0x29 d:/hiasm/compiler/neuro-compiler/bin/../lib/gcc/arm-none-eabi/4.5.2/../../../../arm-none-eabi/lib/thumb2\libc.a(lib_a-ctype_.o)
 .ARM.attributes
                0x00000846       0x29 d:/hiasm/compiler/neuro-compiler/bin/../lib/gcc/arm-none-eabi/4.5.2/../../../../arm-none-eabi/lib/thumb2\libc.a(lib_a-freer.o)
 .ARM.attributes
                0x0000086f       0x29 d:/hiasm/compiler/neuro-compiler/bin/../lib/gcc/arm-none-eabi/4.5.2/../../../../arm-none-eabi/lib/thumb2\libc.a(lib_a-gdtoa-gethex.o)
 .ARM.attributes
                0x00000898       0x29 d:/hiasm/compiler/neuro-compiler/bin/../lib/gcc/arm-none-eabi/4.5.2/../../../../arm-none-eabi/lib/thumb2\libc.a(lib_a-gdtoa-hexnan.o)
 .ARM.attributes
                0x000008c1       0x29 d:/hiasm/compiler/neuro-compiler/bin/../lib/gcc/arm-none-eabi/4.5.2/../../../../arm-none-eabi/lib/thumb2\libc.a(lib_a-locale.o)
 .ARM.attributes
                0x000008ea       0x29 d:/hiasm/compiler/neuro-compiler/bin/../lib/gcc/arm-none-eabi/4.5.2/../../../../arm-none-eabi/lib/thumb2\libc.a(lib_a-mallocr.o)
 .ARM.attributes
                0x00000913       0x29 d:/hiasm/compiler/neuro-compiler/bin/../lib/gcc/arm-none-eabi/4.5.2/../../../../arm-none-eabi/lib/thumb2\libc.a(lib_a-mlock.o)
 .ARM.attributes
                0x0000093c       0x29 d:/hiasm/compiler/neuro-compiler/bin/../lib/gcc/arm-none-eabi/4.5.2/../../../../arm-none-eabi/lib/thumb2\libc.a(lib_a-mprec.o)
 .ARM.attributes
                0x00000965       0x29 d:/hiasm/compiler/neuro-compiler/bin/../lib/gcc/arm-none-eabi/4.5.2/../../../../arm-none-eabi/lib/thumb2\libc.a(lib_a-sbrkr.o)
 .ARM.attributes
                0x0000098e       0x29 d:/hiasm/compiler/neuro-compiler/bin/../lib/gcc/arm-none-eabi/4.5.2/../../../../arm-none-eabi/lib/thumb2\libc.a(lib_a-strncmp.o)
 .ARM.attributes
                0x000009b7       0x29 d:/hiasm/compiler/neuro-compiler/bin/../lib/gcc/arm-none-eabi/4.5.2/../../../../arm-none-eabi/lib/thumb2\libc.a(lib_a-callocr.o)
 .ARM.attributes
                0x000009e0       0x29 d:/hiasm/compiler/neuro-compiler/bin/../lib/gcc/arm-none-eabi/4.5.2/../../../../arm-none-eabi/lib/thumb2\libc.a(lib_a-malloc.o)
 .ARM.attributes
                0x00000a09       0x1b d:/hiasm/compiler/neuro-compiler/bin/../lib/gcc/arm-none-eabi/4.5.2/thumb2\libgcc.a(_udivsi3.o)
 .ARM.attributes
                0x00000a24       0x1b d:/hiasm/compiler/neuro-compiler/bin/../lib/gcc/arm-none-eabi/4.5.2/thumb2\libgcc.a(_dvmd_tls.o)
 .ARM.attributes
                0x00000a3f       0x1b d:/hiasm/compiler/neuro-compiler/bin/../lib/gcc/arm-none-eabi/4.5.2/thumb2\libgcc.a(_arm_fixdfsi.o)
 .ARM.attributes
                0x00000a5a       0x1b d:/hiasm/compiler/neuro-compiler/bin/../lib/gcc/arm-none-eabi/4.5.2/thumb2\libgcc.a(_arm_fixunsdfsi.o)
 .ARM.attributes
                0x00000a75       0x1b d:/hiasm/compiler/neuro-compiler/bin/../lib/gcc/arm-none-eabi/4.5.2/thumb2\libgcc.a(_arm_cmpsf2.o)

.debug_frame    0x00000000     0x3a80
 .debug_frame   0x00000000      0x280 core_cm3.o
 .debug_frame   0x00000280       0xf0 croutine.o
 .debug_frame   0x00000370      0x168 event_groups.o
 .debug_frame   0x000004d8       0x9c list.o
 .debug_frame   0x00000574      0xf3c main.o
 .debug_frame   0x000014b0       0x9c misc.o
 .debug_frame   0x0000154c      0x150 port.o
 .debug_frame   0x0000169c      0x2a4 printf.o
 .debug_frame   0x00001940      0x2b8 queue.o
 .debug_frame   0x00001bf8       0x48 startup_stm32f10x_hd.o
 .debug_frame   0x00001c40      0x400 stm32f10x_adc.o
 .debug_frame   0x00002040       0xec stm32f10x_exti.o
 .debug_frame   0x0000212c      0x210 stm32f10x_gpio.o
 .debug_frame   0x0000233c      0x388 stm32f10x_rcc.o
 .debug_frame   0x000026c4      0x344 stm32f10x_usart.o
 .debug_frame   0x00002a08      0x10c syscalls.o
 .debug_frame   0x00002b14       0x80 system_stm32f10x.o
 .debug_frame   0x00002b94      0x54c tasks.o
 .debug_frame   0x000030e0       0x3c d:/hiasm/compiler/neuro-compiler/bin/../lib/gcc/arm-none-eabi/4.5.2/../../../../arm-none-eabi/lib/thumb2\libm.a(lib_a-w_pow.o)
 .debug_frame   0x0000311c       0x3c d:/hiasm/compiler/neuro-compiler/bin/../lib/gcc/arm-none-eabi/4.5.2/../../../../arm-none-eabi/lib/thumb2\libm.a(lib_a-e_pow.o)
 .debug_frame   0x00003158       0x34 d:/hiasm/compiler/neuro-compiler/bin/../lib/gcc/arm-none-eabi/4.5.2/../../../../arm-none-eabi/lib/thumb2\libm.a(lib_a-e_sqrt.o)
 .debug_frame   0x0000318c       0x20 d:/hiasm/compiler/neuro-compiler/bin/../lib/gcc/arm-none-eabi/4.5.2/../../../../arm-none-eabi/lib/thumb2\libm.a(lib_a-s_fabs.o)
 .debug_frame   0x000031ac       0x20 d:/hiasm/compiler/neuro-compiler/bin/../lib/gcc/arm-none-eabi/4.5.2/../../../../arm-none-eabi/lib/thumb2\libm.a(lib_a-s_finite.o)
 .debug_frame   0x000031cc       0x28 d:/hiasm/compiler/neuro-compiler/bin/../lib/gcc/arm-none-eabi/4.5.2/../../../../arm-none-eabi/lib/thumb2\libm.a(lib_a-s_fpclassify.o)
 .debug_frame   0x000031f4       0x20 d:/hiasm/compiler/neuro-compiler/bin/../lib/gcc/arm-none-eabi/4.5.2/../../../../arm-none-eabi/lib/thumb2\libm.a(lib_a-s_matherr.o)
 .debug_frame   0x00003214       0x20 d:/hiasm/compiler/neuro-compiler/bin/../lib/gcc/arm-none-eabi/4.5.2/../../../../arm-none-eabi/lib/thumb2\libm.a(lib_a-s_nan.o)
 .debug_frame   0x00003234       0x34 d:/hiasm/compiler/neuro-compiler/bin/../lib/gcc/arm-none-eabi/4.5.2/../../../../arm-none-eabi/lib/thumb2\libm.a(lib_a-s_rint.o)
 .debug_frame   0x00003268       0x30 d:/hiasm/compiler/neuro-compiler/bin/../lib/gcc/arm-none-eabi/4.5.2/../../../../arm-none-eabi/lib/thumb2\libm.a(lib_a-s_scalbn.o)
 .debug_frame   0x00003298       0x28 d:/hiasm/compiler/neuro-compiler/bin/../lib/gcc/arm-none-eabi/4.5.2/../../../../arm-none-eabi/lib/thumb2\libm.a(lib_a-s_copysign.o)
 .debug_frame   0x000032c0       0x20 d:/hiasm/compiler/neuro-compiler/bin/../lib/gcc/arm-none-eabi/4.5.2/../../../../arm-none-eabi/lib/thumb2\libc.a(lib_a-atof.o)
 .debug_frame   0x000032e0       0x20 d:/hiasm/compiler/neuro-compiler/bin/../lib/gcc/arm-none-eabi/4.5.2/../../../../arm-none-eabi/lib/thumb2\libc.a(lib_a-atoff.o)
 .debug_frame   0x00003300       0x30 d:/hiasm/compiler/neuro-compiler/bin/../lib/gcc/arm-none-eabi/4.5.2/../../../../arm-none-eabi/lib/thumb2\libc.a(lib_a-atoi.o)
 .debug_frame   0x00003330       0x30 d:/hiasm/compiler/neuro-compiler/bin/../lib/gcc/arm-none-eabi/4.5.2/../../../../arm-none-eabi/lib/thumb2\libc.a(lib_a-atol.o)
 .debug_frame   0x00003360       0x20 d:/hiasm/compiler/neuro-compiler/bin/../lib/gcc/arm-none-eabi/4.5.2/../../../../arm-none-eabi/lib/thumb2\libc.a(lib_a-errno.o)
 .debug_frame   0x00003380       0x30 d:/hiasm/compiler/neuro-compiler/bin/../lib/gcc/arm-none-eabi/4.5.2/../../../../arm-none-eabi/lib/thumb2\libc.a(lib_a-memcpy.o)
 .debug_frame   0x000033b0       0x2c d:/hiasm/compiler/neuro-compiler/bin/../lib/gcc/arm-none-eabi/4.5.2/../../../../arm-none-eabi/lib/thumb2\libc.a(lib_a-memset.o)
 .debug_frame   0x000033dc       0x68 d:/hiasm/compiler/neuro-compiler/bin/../lib/gcc/arm-none-eabi/4.5.2/../../../../arm-none-eabi/lib/thumb2\libc.a(lib_a-reent.o)
 .debug_frame   0x00003444       0x30 d:/hiasm/compiler/neuro-compiler/bin/../lib/gcc/arm-none-eabi/4.5.2/../../../../arm-none-eabi/lib/thumb2\libc.a(lib_a-strcmp.o)
 .debug_frame   0x00003474       0x20 d:/hiasm/compiler/neuro-compiler/bin/../lib/gcc/arm-none-eabi/4.5.2/../../../../arm-none-eabi/lib/thumb2\libc.a(lib_a-strlen.o)
 .debug_frame   0x00003494       0x84 d:/hiasm/compiler/neuro-compiler/bin/../lib/gcc/arm-none-eabi/4.5.2/../../../../arm-none-eabi/lib/thumb2\libc.a(lib_a-strtod.o)
 .debug_frame   0x00003518       0x54 d:/hiasm/compiler/neuro-compiler/bin/../lib/gcc/arm-none-eabi/4.5.2/../../../../arm-none-eabi/lib/thumb2\libc.a(lib_a-strtol.o)
 .debug_frame   0x0000356c       0x50 d:/hiasm/compiler/neuro-compiler/bin/../lib/gcc/arm-none-eabi/4.5.2/../../../../arm-none-eabi/lib/thumb2\libc.a(lib_a-freer.o)
 .debug_frame   0x000035bc       0x6c d:/hiasm/compiler/neuro-compiler/bin/../lib/gcc/arm-none-eabi/4.5.2/../../../../arm-none-eabi/lib/thumb2\libc.a(lib_a-gdtoa-gethex.o)
 .debug_frame   0x00003628       0x3c d:/hiasm/compiler/neuro-compiler/bin/../lib/gcc/arm-none-eabi/4.5.2/../../../../arm-none-eabi/lib/thumb2\libc.a(lib_a-gdtoa-hexnan.o)
 .debug_frame   0x00003664       0x98 d:/hiasm/compiler/neuro-compiler/bin/../lib/gcc/arm-none-eabi/4.5.2/../../../../arm-none-eabi/lib/thumb2\libc.a(lib_a-locale.o)
 .debug_frame   0x000036fc       0x3c d:/hiasm/compiler/neuro-compiler/bin/../lib/gcc/arm-none-eabi/4.5.2/../../../../arm-none-eabi/lib/thumb2\libc.a(lib_a-mallocr.o)
 .debug_frame   0x00003738       0x30 d:/hiasm/compiler/neuro-compiler/bin/../lib/gcc/arm-none-eabi/4.5.2/../../../../arm-none-eabi/lib/thumb2\libc.a(lib_a-mlock.o)
 .debug_frame   0x00003768      0x244 d:/hiasm/compiler/neuro-compiler/bin/../lib/gcc/arm-none-eabi/4.5.2/../../../../arm-none-eabi/lib/thumb2\libc.a(lib_a-mprec.o)
 .debug_frame   0x000039ac       0x2c d:/hiasm/compiler/neuro-compiler/bin/../lib/gcc/arm-none-eabi/4.5.2/../../../../arm-none-eabi/lib/thumb2\libc.a(lib_a-sbrkr.o)
 .debug_frame   0x000039d8       0x2c d:/hiasm/compiler/neuro-compiler/bin/../lib/gcc/arm-none-eabi/4.5.2/../../../../arm-none-eabi/lib/thumb2\libc.a(lib_a-strncmp.o)
 .debug_frame   0x00003a04       0x2c d:/hiasm/compiler/neuro-compiler/bin/../lib/gcc/arm-none-eabi/4.5.2/../../../../arm-none-eabi/lib/thumb2\libc.a(lib_a-callocr.o)
 .debug_frame   0x00003a30       0x30 d:/hiasm/compiler/neuro-compiler/bin/../lib/gcc/arm-none-eabi/4.5.2/../../../../arm-none-eabi/lib/thumb2\libc.a(lib_a-malloc.o)
 .debug_frame   0x00003a60       0x20 d:/hiasm/compiler/neuro-compiler/bin/../lib/gcc/arm-none-eabi/4.5.2/thumb2\libgcc.a(_udivsi3.o)
